{
  "clusters": [
   {
    "name": "in.1081",
    "connect_timeout_ms": 10000,
    "type": "static",
    "lb_type": "round_robin",
    "hosts": [
     {
      "url": "tcp://127.0.0.1:1081"
     }
    ]
   },
   {
    "name": "in.1090",
    "connect_timeout_ms": 10000,
    "type": "static",
    "lb_type": "round_robin",
    "hosts": [
     {
      "url": "tcp://127.0.0.1:1090"
     }
    ]
   },
   {
    "name": "in.1100",
    "connect_timeout_ms": 10000,
    "type": "static",
    "lb_type": "round_robin",
    "hosts": [
     {
      "url": "tcp://127.0.0.1:1100"
     }
    ]
   },
   {
    "name": "in.3333",
    "connect_timeout_ms": 10000,
    "type": "static",
    "lb_type": "round_robin",
    "hosts": [
     {
      "url": "tcp://127.0.0.1:3333"
     }
    ]
   },
   {
    "name": "in.80",
    "connect_timeout_ms": 10000,
    "type": "static",
    "lb_type": "round_robin",
    "hosts": [
     {
      "url": "tcp://127.0.0.1:80"
     }
    ]
   },
   {
    "name": "in.9999",
    "connect_timeout_ms": 10000,
    "type": "static",
    "lb_type": "round_robin",
    "hosts": [
     {
      "url": "tcp://127.0.0.1:9999"
     }
    ]
   },
   {
    "name": "out.152eb365b2958596c93b3d847abe47b5bc3f1e9a",
    "service_name": "world.default.svc.cluster.local|mongo",
    "connect_timeout_ms": 10000,
    "type": "sds",
    "lb_type": "round_robin"
   },
   {
    "name": "out.242bc3028e0f3fe0682e6d972e167ab415b2321d",
    "connect_timeout_ms": 10000,
    "type": "strict_dns",
    "lb_type": "round_robin",
    "hosts": [
     {
      "url": "tcp://localhost:8888"
     }
    ]
   },
   {
    "name": "out.5898aa4379cc19c8f1bb3b7915ee8e0e32ddc6a6",
    "service_name": "world.default.svc.cluster.local|custom",
    "connect_timeout_ms": 10000,
    "type": "sds",
    "lb_type": "round_robin"
   },
   {
    "name": "out.6fc71bd0fc240b9cf1b3437a82c18a5c97d40890",
    "service_name": "hello.default.svc.cluster.local|mongo",
    "connect_timeout_ms": 10000,
    "type": "sds",
    "lb_type": "round_robin"
   },
   {
    "name": "out.81c187d71467b1608736c57bb0734f9ef9b68f7d",
    "service_name": "hello.default.svc.cluster.local|http-status",
    "connect_timeout_ms": 10000,
    "type": "sds",
    "lb_type": "round_robin"
   },
   {
    "name": "out.a2263b90cd24e500e9ed95f79ae47eabdc77dc74",
    "service_name": "world.default.svc.cluster.local|http",
    "connect_timeout_ms": 10000,
    "type": "sds",
    "lb_type": "round_robin"
   },
   {
    "name": "out.ae8d3361601f8293abe6ac5e4d807124612cf42e",
    "connect_timeout_ms": 10000,
    "type": "strict_dns",
    "lb_type": "round_robin",
    "hosts": [
     {
      "url": "tcp://localhost:8888"
     }
    ]
   },
   {
    "name": "out.bde94496eb59ec2ed5b81392a1d32377960660b8",
    "service_name": "world.default.svc.cluster.local|http-status",
    "connect_timeout_ms": 10000,
    "type": "sds",
    "lb_type": "round_robin"
   },
   {
    "name": "out.de6d66d4dd5f542e5f61882eb466189eb68ebe88",
    "service_name": "hello.default.svc.cluster.local|custom",
    "connect_timeout_ms": 10000,
    "type": "sds",
    "lb_type": "round_robin"
   },
   {
    "name": "out.e5c9564b7c4dbb0355a4f740e9d29277ccca97cd",
    "service_name": "hello.default.svc.cluster.local|http",
    "connect_timeout_ms": 10000,
    "type": "sds",
    "lb_type": "round_robin"
   },
   {
    "name": "mixer_server",
    "connect_timeout_ms": 10000,
    "type": "strict_dns",
    "lb_type": "round_robin",
    "hosts": [
     {
      "url": "tcp://localhost:9091"
     }
    ],
    "features": "http2",
    "circuit_breakers": {
     "default": {
      "max_pending_requests": 10000,
      "max_requests": 10000
     }
    }
   }
  ]
 }